

================================================================
== Vitis HLS Report for 'example'
================================================================
* Date:           Tue Jun 22 09:04:30 2021

* Version:        2021.2 (Build 3367213 on Tue Oct 19 02:47:39 MDT 2021)
* Project:        ultrascan_kernel
* Solution:       solution1 (Vivado IP Flow Target)
* Product family: virtexuplus
* Target device:  xcu280-fsvh2892-2L-e


================================================================
== Performance Estimates
================================================================
+ Timing: 
    * Summary: 
    +--------+---------+----------+------------+
    |  Clock |  Target | Estimated| Uncertainty|
    +--------+---------+----------+------------+
    |ap_clk  |  1.25 ns|  2.500 ns|     0.34 ns|
    +--------+---------+----------+------------+

+ Latency: 
    * Summary: 
    +---------+---------+----------+----------+-----+-----+---------+
    |  Latency (cycles) |  Latency (absolute) |  Interval | Pipeline|
    |   min   |   max   |    min   |    max   | min | max |   Type  |
    +---------+---------+----------+----------+-----+-----+---------+
    |        3|        3|  7.500 ns|  7.500 ns|    4|    4|       no|
    +---------+---------+----------+----------+-----+-----+---------+

    + Detail: 
        * Instance: 
        +---------------------+-----------+---------+---------+----------+----------+-----+-----+----------+
        |                     |           |  Latency (cycles) |  Latency (absolute) |  Interval | Pipeline |
        |       Instance      |   Module  |   min   |   max   |    min   |    max   | min | max |   Type   |
        +---------------------+-----------+---------+---------+----------+----------+-----+-----+----------+
        |grp_ultrascan_fu_43  |ultrascan  |        2|        2|  5.000 ns|  5.000 ns|    1|    1|  yes(flp)|
        +---------------------+-----------+---------+---------+----------+----------+-----+-----+----------+

        * Loop: 
        N/A



================================================================
== Utilization Estimates
================================================================
* Summary: 
+---------------------+---------+------+---------+---------+-----+
|         Name        | BRAM_18K|  DSP |    FF   |   LUT   | URAM|
+---------------------+---------+------+---------+---------+-----+
|DSP                  |        -|     -|        -|        -|    -|
|Expression           |        -|     -|        -|        -|    -|
|FIFO                 |        -|     -|        -|        -|    -|
|Instance             |        0|     1|        0|        0|    0|
|Memory               |        -|     -|        -|        -|    -|
|Multiplexer          |        -|     -|        -|       26|    -|
|Register             |        -|     -|      260|        -|    -|
+---------------------+---------+------+---------+---------+-----+
|Total                |        0|     1|      260|       26|    0|
+---------------------+---------+------+---------+---------+-----+
|Available SLR        |     1344|  3008|   869120|   434560|  320|
+---------------------+---------+------+---------+---------+-----+
|Utilization SLR (%)  |        0|    ~0|       ~0|       ~0|    0|
+---------------------+---------+------+---------+---------+-----+
|Available            |     4032|  9024|  2607360|  1303680|  960|
+---------------------+---------+------+---------+---------+-----+
|Utilization (%)      |        0|    ~0|       ~0|       ~0|    0|
+---------------------+---------+------+---------+---------+-----+

+ Detail: 
    * Instance: 
    +---------------------+-----------+---------+----+---+----+-----+
    |       Instance      |   Module  | BRAM_18K| DSP| FF| LUT| URAM|
    +---------------------+-----------+---------+----+---+----+-----+
    |grp_ultrascan_fu_43  |ultrascan  |        0|   1|  0|   0|    0|
    +---------------------+-----------+---------+----+---+----+-----+
    |Total                |           |        0|   1|  0|   0|    0|
    +---------------------+-----------+---------+----+---+----+-----+

    * DSP: 
    N/A

    * Memory: 
    N/A

    * FIFO: 
    N/A

    * Expression: 
    N/A

    * Multiplexer: 
    +-----------+----+-----------+-----+-----------+
    |    Name   | LUT| Input Size| Bits| Total Bits|
    +-----------+----+-----------+-----+-----------+
    |ap_NS_fsm  |  26|          5|    1|          5|
    +-----------+----+-----------+-----+-----------+
    |Total      |  26|          5|    1|          5|
    +-----------+----+-----------+-----+-----------+

    * Register: 
    +-----------+-----+----+-----+-----------+
    |    Name   |  FF | LUT| Bits| Const Bits|
    +-----------+-----+----+-----+-----------+
    |ap_CS_fsm  |    4|   0|    4|          0|
    |tmp_fu_26  |  256|   0|  256|          0|
    +-----------+-----+----+-----+-----------+
    |Total      |  260|   0|  260|          0|
    +-----------+-----+----+-----+-----------+



================================================================
== Interface
================================================================
* Summary: 
+-------------------+-----+-----+------------+---------------+--------------+
|     RTL Ports     | Dir | Bits|  Protocol  | Source Object |    C Type    |
+-------------------+-----+-----+------------+---------------+--------------+
|ap_local_block     |  out|    1|  ap_ctrl_hs|        example|  return value|
|ap_local_deadlock  |  out|    1|  ap_ctrl_hs|        example|  return value|
|ap_clk             |   in|    1|  ap_ctrl_hs|        example|  return value|
|ap_rst             |   in|    1|  ap_ctrl_hs|        example|  return value|
|ap_start           |   in|    1|  ap_ctrl_hs|        example|  return value|
|ap_done            |  out|    1|  ap_ctrl_hs|        example|  return value|
|ap_idle            |  out|    1|  ap_ctrl_hs|        example|  return value|
|ap_ready           |  out|    1|  ap_ctrl_hs|        example|  return value|
|input_symbols      |   in|    8|     ap_none|  input_symbols|        scalar|
|report_r           |  out|  251|      ap_vld|       report_r|       pointer|
|report_r_ap_vld    |  out|    1|      ap_vld|       report_r|       pointer|
+-------------------+-----+-----+------------+---------------+--------------+

